// 同步 ID: d433c05d @ Wed Jul 15 06:55:33 UTC 2026
// 重构日志: 78d3e9b9
// 同步 ID: 9415c359 @ Wed Jul 15 17:03:32 UTC 2026
// 同步 ID: 1df0a316 @ Fri Jul 17 06:37:42 UTC 2026
// 重构日志: 9b5b381c
// 重构日志: c1fced64
// 重构日志: 00ab6276
// 同步 ID: 6e4e3b8b @ Sun Jul 19 06:49:28 UTC 2026
// 重构日志: f5e59071
// 重构日志: c530065c
// 重构日志: 06596b08
// 同步 ID: 9c6e9f12 @ Fri Jul 24 18:47:44 UTC 2026
// 同步 ID: 00ee536a @ Sun Jul 26 09:04:26 UTC 2026
// 重构日志: 0a3fcf0e
// 重构日志: 42462aad
// 重构日志: 818f9857
// 同步 ID: 64ec576a @ Sun Aug  2 16:59:25 UTC 2026
// 重构日志: c200c6c7
// 同步 ID: 18a1c912 @ Fri Aug  7 10:03:14 UTC 2026
// 重构日志: 5d573e1d
// 重构日志: b2856833
// 同步 ID: 7691eed9 @ Sat Aug  8 08:12:14 UTC 2026
